{"event": "START", "layout": "/root/autodl-tmp/OPL/S1/V2/R1/SCALE/layouts/plateS135.json", "cells": 135, "vertices": 332, "free": 316, "fixed": 16, "span_pairs": 4892, "grad_stencils": 1080, "args": {"root": "/root/autodl-tmp/OPL/S1/V2/R1/SCALE/plateS135", "layout": "/root/autodl-tmp/OPL/S1/V2/R1/SCALE/layouts/plateS135.json", "model": "A3=/root/autodl-tmp/OPL/S1/V2/A3_2grid/best.pt", "clamp": "x,min", "load": "x,max", "load_dir": "y", "vfrac": 0.8, "move": 0.05, "maxit": 60, "stop_after": 4, "tmin": 0.18, "tmax": 0.69, "span": 0.45, "grad": 0.45, "xtol": 0.001, "ftol": 0.0001, "prec": "bnn:kpp:q1r", "tol": 1e-06, "maxit_pcg": 3000, "max_cols": 16, "workers": 14, "park": false, "resident": 0, "deploy": false, "lean": false, "frozen": "/root/autodl-tmp/CUTFEM_DEPENDENCIES_20260924/run_frozen_python.sh", "frozen_cwd": "/root/autodl-tmp/CUTFEM_DEPENDENCIES_20260924/root/autodl-tmp/CLAUDE_TAKEOVER_20260923/COVER_G/src", "templates": "/root/autodl-tmp/OPL/S4/body/GP_TEMPLATES_n32.npz", "exact": false, "fast": true, "resident_gb": 18.0, "sens": "ad", "ad_batch": 2048, "body_retry": 6, "t_cpu_fallback": false, "vstar": 0.0, "warm": true, "check": "", "exact_tol": 1e-10}, "env": {"OMP_NUM_THREADS": "16", "OPL_COARSE_FP32": "1", "OPL_COARSE_SPARSE": "1", "OPL_CONV_FP32": "1", "OPL_GP_CACHE": "0", "OPL_PACKETS_EXTRA": "/root/autodl-tmp/OPL/S1/V2/R1/SCALE/plateS135/packets:/root/autodl-tmp/OPL/S4/packets:/root/autodl-tmp/OPL/S3/packets:/root/autodl-tmp/OPL/S1/V2/R1/SCALE/plate_packets", "OPL_STREAM_PACK": "1", "OPL_TAILT_FUSED": "1", "PYTORCH_CUDA_ALLOC_CONF": "expandable_segments:True", "conv": {"conv_tf32": false, "OPL_CONV_FP32": "1"}, "matmul_allow_tf32": false, "cudnn_allow_tf32": false, "torch": "2.8.0+cu128", "gpu": "NVIDIA GeForce RTX 5090", "network": "fp32 (true fp32 convolutions when OPL_CONV_FP32=1)", "correction": "fp32 (OPL_COARSE_FP32=1 with a deploy/lean fp32 correction stiffness)", "field_return": "fp32 (trainlib.wrap returns the network dtype)", "energies": "fp64"}}
/root/autodl-tmp/OPL/src_v2/fastnet.py:35: UserWarning: Sparse CSR tensor support is in beta state. If you miss a functionality in the sparse tensor support, please submit a feature request to https://github.com/pytorch/pytorch/issues. (Triggered internally at /pytorch/aten/src/ATen/SparseCsrTensorImpl.cpp:53.)
  return torch.sparse_csr_tensor(crow.to(torch.int32), c.to(torch.int32), v.contiguous(), size=shape)
Traceback (most recent call last):
  File "/root/autodl-tmp/OPL/src_v2/opt_design.py", line 650, in <module>
    main()
  File "/root/autodl-tmp/OPL/src_v2/opt_design.py", line 604, in main
    res = analyse_exact(cases, positions) if A.exact else (analyse_fast(cases, positions, h) if A.fast else analyse(cases, positions, h))
                                                           ^^^^^^^^^^^^^^^^^^^^^^^^^^^^^^^^^
  File "/root/autodl-tmp/OPL/src_v2/opt_design.py", line 357, in analyse_fast
    kpp = lat.assemble_kpp()
          ^^^^^^^^^^^^^^^^^^
  File "/root/autodl-tmp/OPL/src_v2/lat_multi.py", line 256, in assemble_kpp
    key, inv = torch.unique(r * self.nfree + c, return_inverse=True)
               ^^^^^^^^^^^^^^^^^^^^^^^^^^^^^^^^^^^^^^^^^^^^^^^^^^^^^
  File "/root/miniconda3/lib/python3.12/site-packages/torch/_jit_internal.py", line 625, in fn
    return if_true(*args, **kwargs)
           ^^^^^^^^^^^^^^^^^^^^^^^^
  File "/root/miniconda3/lib/python3.12/site-packages/torch/_jit_internal.py", line 627, in fn
    return if_false(*args, **kwargs)
           ^^^^^^^^^^^^^^^^^^^^^^^^^
  File "/root/miniconda3/lib/python3.12/site-packages/torch/functional.py", line 1118, in _return_inverse
    output, inverse_indices, _ = _unique_impl(
                                 ^^^^^^^^^^^^^
  File "/root/miniconda3/lib/python3.12/site-packages/torch/functional.py", line 995, in _unique_impl
    output, inverse_indices, counts = torch._unique2(
                                      ^^^^^^^^^^^^^^^
torch.OutOfMemoryError: CUDA out of memory. Tried to allocate 846.00 MiB. GPU 0 has a total capacity of 31.36 GiB of which 427.06 MiB is free. Including non-PyTorch memory, this process has 30.80 GiB memory in use. Of the allocated memory 29.72 GiB is allocated by PyTorch, and 363.28 MiB is reserved by PyTorch but unallocated. If reserved but unallocated memory is large try setting PYTORCH_CUDA_ALLOC_CONF=expandable_segments:True to avoid fragmentation.  See documentation for Memory Management  (https://pytorch.org/docs/stable/notes/cuda.html#environment-variables)
{"event": "START", "layout": "/root/autodl-tmp/OPL/S1/V2/R1/SCALE/layouts/plateS135.json", "cells": 135, "vertices": 332, "free": 316, "fixed": 16, "span_pairs": 4892, "grad_stencils": 1080, "args": {"root": "/root/autodl-tmp/OPL/S1/V2/R1/SCALE/plateS135", "layout": "/root/autodl-tmp/OPL/S1/V2/R1/SCALE/layouts/plateS135.json", "model": "A3=/root/autodl-tmp/OPL/S1/V2/A3_2grid/best.pt", "clamp": "x,min", "load": "x,max", "load_dir": "y", "vfrac": 0.8, "move": 0.05, "maxit": 60, "stop_after": 4, "tmin": 0.18, "tmax": 0.69, "span": 0.45, "grad": 0.45, "xtol": 0.001, "ftol": 0.0001, "prec": "bnn:kpp:q1r", "tol": 1e-06, "maxit_pcg": 3000, "max_cols": 16, "workers": 14, "park": false, "resident": 0, "deploy": false, "lean": false, "frozen": "/root/autodl-tmp/CUTFEM_DEPENDENCIES_20260924/run_frozen_python.sh", "frozen_cwd": "/root/autodl-tmp/CUTFEM_DEPENDENCIES_20260924/root/autodl-tmp/CLAUDE_TAKEOVER_20260923/COVER_G/src", "templates": "/root/autodl-tmp/OPL/S4/body/GP_TEMPLATES_n32.npz", "exact": false, "fast": true, "resident_gb": 4.0, "sens": "ad", "ad_batch": 2048, "body_retry": 6, "t_cpu_fallback": false, "vstar": 0.0, "warm": true, "check": "", "exact_tol": 1e-10}, "env": {"OMP_NUM_THREADS": "16", "OPL_COARSE_FP32": "1", "OPL_COARSE_SPARSE": "1", "OPL_CONV_FP32": "1", "OPL_GP_CACHE": "0", "OPL_PACKETS_EXTRA": "/root/autodl-tmp/OPL/S1/V2/R1/SCALE/plateS135/packets:/root/autodl-tmp/OPL/S4/packets:/root/autodl-tmp/OPL/S3/packets:/root/autodl-tmp/OPL/S1/V2/R1/SCALE/plate_packets", "OPL_STREAM_PACK": "1", "OPL_TAILT_FUSED": "1", "PYTORCH_CUDA_ALLOC_CONF": "expandable_segments:True", "conv": {"conv_tf32": false, "OPL_CONV_FP32": "1"}, "matmul_allow_tf32": false, "cudnn_allow_tf32": false, "torch": "2.8.0+cu128", "gpu": "NVIDIA GeForce RTX 5090", "network": "fp32 (true fp32 convolutions when OPL_CONV_FP32=1)", "correction": "fp32 (OPL_COARSE_FP32=1 with a deploy/lean fp32 correction stiffness)", "field_return": "fp32 (trainlib.wrap returns the network dtype)", "energies": "fp64"}}
/root/autodl-tmp/OPL/src_v2/fastnet.py:35: UserWarning: Sparse CSR tensor support is in beta state. If you miss a functionality in the sparse tensor support, please submit a feature request to https://github.com/pytorch/pytorch/issues. (Triggered internally at /pytorch/aten/src/ATen/SparseCsrTensorImpl.cpp:53.)
  return torch.sparse_csr_tensor(crow.to(torch.int32), c.to(torch.int32), v.contiguous(), size=shape)
Traceback (most recent call last):
  File "/root/autodl-tmp/OPL/src_v2/opt_design.py", line 650, in <module>
    main()
  File "/root/autodl-tmp/OPL/src_v2/opt_design.py", line 604, in main
    res = analyse_exact(cases, positions) if A.exact else (analyse_fast(cases, positions, h) if A.fast else analyse(cases, positions, h))
                                                           ^^^^^^^^^^^^^^^^^^^^^^^^^^^^^^^^^
  File "/root/autodl-tmp/OPL/src_v2/opt_design.py", line 363, in analyse_fast
    pc, _, _ = fac.build(A.prec)
               ^^^^^^^^^^^^^^^^^
  File "/root/autodl-tmp/OPL/src_v2/lat_precond.py", line 508, in build
    f = self.fine(fname)                                                # are freed before the K_PP factor
        ^^^^^^^^^^^^^^^^
  File "/root/autodl-tmp/OPL/src_v2/lat_precond.py", line 486, in fine
    self.shared[name] = KppFine(self.lat, self._kpp(), self.kpp_backend)
                        ^^^^^^^^^^^^^^^^^^^^^^^^^^^^^^^^^^^^^^^^^^^^^^^^
  File "/root/autodl-tmp/OPL/src_v2/lat_precond.py", line 357, in __init__
    self.fac = SparseSPD(r, c, v, lat.nfree, backend)
               ^^^^^^^^^^^^^^^^^^^^^^^^^^^^^^^^^^^^^^
  File "/root/autodl-tmp/OPL/src_v2/lat_precond.py", line 90, in __init__
    self.sol = TE.SPDSolver(crow.int(), cols.int(), sv.contiguous(), n)
               ^^^^^^^^^^^^^^^^^^^^^^^^^^^^^^^^^^^^^^^^^^^^^^^^^^^^^^^^
  File "/root/autodl-tmp/OPL/src_v2/teacher.py", line 83, in __init__
    self.solver.plan()
  File "/root/autodl-tmp/CLAUDE_TAKEOVER_20260923/pylib_cudss/nvmath/internal/utils.py", line 601, in inner
    result = wrapped_function(*args, **kwargs)
             ^^^^^^^^^^^^^^^^^^^^^^^^^^^^^^^^^
  File "/root/autodl-tmp/CLAUDE_TAKEOVER_20260923/pylib_cudss/nvmath/internal/utils.py", line 601, in inner
    result = wrapped_function(*args, **kwargs)
             ^^^^^^^^^^^^^^^^^^^^^^^^^^^^^^^^^
  File "/root/autodl-tmp/CLAUDE_TAKEOVER_20260923/pylib_cudss/nvmath/sparse/advanced/direct_solver.py", line 1655, in plan
    r = self._execute(phase=cudss.Phase.ANALYSIS, stream=stream)
        ^^^^^^^^^^^^^^^^^^^^^^^^^^^^^^^^^^^^^^^^^^^^^^^^^^^^^^^^
  File "/root/autodl-tmp/CLAUDE_TAKEOVER_20260923/pylib_cudss/nvmath/sparse/advanced/direct_solver.py", line 1831, in _execute
    cudss.execute(self.handle, phase, self.config_ptr, self.data_ptr, self.a_ptr, self.x_ptr, self.b_ptr)
  File "nvmath/bindings/cudss.pyx", line 380, in nvmath.bindings.cudss.execute
  File "nvmath/bindings/cudss.pyx", line 384, in nvmath.bindings.cudss.execute
  File "nvmath/bindings/cudss.pyx", line 266, in nvmath.bindings.cudss.check_status
nvmath.bindings.cudss.cuDSSError: ALLOC_FAILED (2)
