{"event": "START", "layout": "/root/autodl-tmp/OPL/S1/V2/R1/SCALE/layouts/plateS51.json", "cells": 51, "vertices": 140, "free": 128, "fixed": 12, "span_pairs": 1916, "grad_stencils": 408, "args": {"root": "/root/autodl-tmp/OPL/S1/V2/R1/SCALE/plateS51", "layout": "/root/autodl-tmp/OPL/S1/V2/R1/SCALE/layouts/plateS51.json", "model": "A3=/root/autodl-tmp/OPL/S1/V2/A3_2grid/best.pt", "clamp": "x,min", "load": "x,max", "load_dir": "y", "vfrac": 0.8, "move": 0.05, "maxit": 60, "stop_after": 4, "tmin": 0.18, "tmax": 0.69, "span": 0.45, "grad": 0.45, "xtol": 0.001, "ftol": 0.0001, "prec": "bnn:kpp:q1r", "tol": 1e-06, "maxit_pcg": 3000, "max_cols": 16, "workers": 14, "park": false, "resident": 0, "deploy": false, "lean": false, "frozen": "/root/autodl-tmp/CUTFEM_DEPENDENCIES_20260924/run_frozen_python.sh", "frozen_cwd": "/root/autodl-tmp/CUTFEM_DEPENDENCIES_20260924/root/autodl-tmp/CLAUDE_TAKEOVER_20260923/COVER_G/src", "templates": "/root/autodl-tmp/OPL/S4/body/GP_TEMPLATES_n32.npz", "exact": false, "fast": true, "resident_gb": 18.0, "sens": "ad", "ad_batch": 2048, "body_retry": 6, "t_cpu_fallback": false, "vstar": 0.0, "warm": true, "check": "", "exact_tol": 1e-10}, "env": {"OMP_NUM_THREADS": "16", "OPL_COARSE_FP32": "1", "OPL_COARSE_SPARSE": "1", "OPL_CONV_FP32": "1", "OPL_GP_CACHE": "0", "OPL_PACKETS_EXTRA": "/root/autodl-tmp/OPL/S1/V2/R1/SCALE/plateS51/packets:/root/autodl-tmp/OPL/S4/packets:/root/autodl-tmp/OPL/S3/packets:/root/autodl-tmp/OPL/S1/V2/R1/SCALE/plate_packets", "OPL_STREAM_PACK": "1", "OPL_TAILT_FUSED": "1", "PYTORCH_CUDA_ALLOC_CONF": "expandable_segments:True", "conv": {"conv_tf32": false, "OPL_CONV_FP32": "1"}, "matmul_allow_tf32": false, "cudnn_allow_tf32": false, "torch": "2.8.0+cu128", "gpu": "NVIDIA GeForce RTX 5090", "network": "fp32 (true fp32 convolutions when OPL_CONV_FP32=1)", "correction": "fp32 (OPL_COARSE_FP32=1 with a deploy/lean fp32 correction stiffness)", "field_return": "fp32 (trainlib.wrap returns the network dtype)", "energies": "fp64"}}
/root/autodl-tmp/OPL/src_v2/fastnet.py:35: UserWarning: Sparse CSR tensor support is in beta state. If you miss a functionality in the sparse tensor support, please submit a feature request to https://github.com/pytorch/pytorch/issues. (Triggered internally at /pytorch/aten/src/ATen/SparseCsrTensorImpl.cpp:53.)
  return torch.sparse_csr_tensor(crow.to(torch.int32), c.to(torch.int32), v.contiguous(), size=shape)
Traceback (most recent call last):
  File "/root/autodl-tmp/OPL/src_v2/opt_design.py", line 650, in <module>
    main()
  File "/root/autodl-tmp/OPL/src_v2/opt_design.py", line 604, in main
    res = analyse_exact(cases, positions) if A.exact else (analyse_fast(cases, positions, h) if A.fast else analyse(cases, positions, h))
                                                           ^^^^^^^^^^^^^^^^^^^^^^^^^^^^^^^^^
  File "/root/autodl-tmp/OPL/src_v2/opt_design.py", line 363, in analyse_fast
    pc, _, _ = fac.build(A.prec)
               ^^^^^^^^^^^^^^^^^
  File "/root/autodl-tmp/OPL/src_v2/lat_precond.py", line 508, in build
    f = self.fine(fname)                                                # are freed before the K_PP factor
        ^^^^^^^^^^^^^^^^
  File "/root/autodl-tmp/OPL/src_v2/lat_precond.py", line 486, in fine
    self.shared[name] = KppFine(self.lat, self._kpp(), self.kpp_backend)
                        ^^^^^^^^^^^^^^^^^^^^^^^^^^^^^^^^^^^^^^^^^^^^^^^^
  File "/root/autodl-tmp/OPL/src_v2/lat_precond.py", line 357, in __init__
    self.fac = SparseSPD(r, c, v, lat.nfree, backend)
               ^^^^^^^^^^^^^^^^^^^^^^^^^^^^^^^^^^^^^^
  File "/root/autodl-tmp/OPL/src_v2/lat_precond.py", line 90, in __init__
    self.sol = TE.SPDSolver(crow.int(), cols.int(), sv.contiguous(), n)
               ^^^^^^^^^^^^^^^^^^^^^^^^^^^^^^^^^^^^^^^^^^^^^^^^^^^^^^^^
  File "/root/autodl-tmp/OPL/src_v2/teacher.py", line 83, in __init__
    self.solver.plan()
  File "/root/autodl-tmp/CLAUDE_TAKEOVER_20260923/pylib_cudss/nvmath/internal/utils.py", line 601, in inner
    result = wrapped_function(*args, **kwargs)
             ^^^^^^^^^^^^^^^^^^^^^^^^^^^^^^^^^
  File "/root/autodl-tmp/CLAUDE_TAKEOVER_20260923/pylib_cudss/nvmath/internal/utils.py", line 601, in inner
    result = wrapped_function(*args, **kwargs)
             ^^^^^^^^^^^^^^^^^^^^^^^^^^^^^^^^^
  File "/root/autodl-tmp/CLAUDE_TAKEOVER_20260923/pylib_cudss/nvmath/sparse/advanced/direct_solver.py", line 1655, in plan
    r = self._execute(phase=cudss.Phase.ANALYSIS, stream=stream)
        ^^^^^^^^^^^^^^^^^^^^^^^^^^^^^^^^^^^^^^^^^^^^^^^^^^^^^^^^
  File "/root/autodl-tmp/CLAUDE_TAKEOVER_20260923/pylib_cudss/nvmath/sparse/advanced/direct_solver.py", line 1831, in _execute
    cudss.execute(self.handle, phase, self.config_ptr, self.data_ptr, self.a_ptr, self.x_ptr, self.b_ptr)
  File "nvmath/bindings/cudss.pyx", line 380, in nvmath.bindings.cudss.execute
  File "nvmath/bindings/cudss.pyx", line 384, in nvmath.bindings.cudss.execute
  File "nvmath/bindings/cudss.pyx", line 266, in nvmath.bindings.cudss.check_status
nvmath.bindings.cudss.cuDSSError: ALLOC_FAILED (2)
