{
 "seat": 100186,
 "q": 18048,
 "count": 6016,
 "load_seconds": 16.396147966384888,
 "point": {
  "rel_median": 0.13990129863674844,
  "rel_p90": 0.19270061994011467,
  "rel_p99": 0.2312756403586904,
  "rel_max": 0.5872349881920069,
  "cerr_median": -0.0070228602318436195,
  "cerr_p90": 0.13358054974263106,
  "cerr_max": 1.2778967479220098,
  "frac_cerr_within_3pct": 0.29205452127659576,
  "colnorm_min": 10.344281591752216,
  "colnorm_med": 14.792888390084997,
  "colnorm_max": 2375.1518128670214,
  "spearman_rel_vs_pivot": -0.4643027267439025
 },
 "point_rel_median_by_pivot_decile": [
  0.16015914556822683,
  0.16818158331135322,
  0.15356623163027705,
  0.16743049510583463,
  0.19633508514207365,
  0.15755183708100218,
  0.1992149374488711,
  0.1289207358666979,
  0.06889756265626935,
  0.04215159052887704
 ],
 "point_cerr_p90_by_pivot_decile": [
  0.11894151416028442,
  0.1395211974440432,
  0.13969977582012166,
  0.10526466820000072,
  0.1290877884618073,
  0.12402906918748902,
  0.13341880282828678,
  0.15565279271142388,
  0.1403772746951037,
  0.22591750227290508
 ],
 "smooth_face": {
  "n": 96,
  "cerr_median": 0.03654070572858048,
  "cerr_p90": 0.059902569041505094,
  "cerr_max": 0.08996097041866702,
  "signed_mean": -0.01172816760884505,
  "frac_within_3pct": 0.4375
 },
 "random_dense": {
  "cerr_median": 0.03331347962288117,
  "cerr_max": 0.09575950567833458,
  "signed_mean": -0.03384983441972001
 },
 "random_smooth_global": {
  "cerr_median": 0.01779989688580358,
  "cerr_p90": 0.02719301920758669,
  "cerr_max": 0.042405789901268975,
  "signed_mean": -0.012237393998749574,
  "frac_within_3pct": 0.953125
 },
 "seconds": 29.73721480369568
}
{
 "seat": 347,
 "q": 15708,
 "count": 5236,
 "load_seconds": 8.720786333084106,
 "point": {
  "rel_median": 0.10427729518750228,
  "rel_p90": 0.14828699254500524,
  "rel_p99": 0.17895970726660232,
  "rel_max": 0.25494471739793845,
  "cerr_median": -0.019407196623370038,
  "cerr_p90": 0.08695911882182464,
  "cerr_max": 0.5683272505108805,
  "frac_cerr_within_3pct": 0.45569136745607336,
  "colnorm_min": 13.217988224477562,
  "colnorm_med": 19.71315965966475,
  "colnorm_max": 2217.4625698802015,
  "spearman_rel_vs_pivot": -0.5137243997220308
 },
 "point_rel_median_by_pivot_decile": [
  0.11190582786420702,
  0.11608477633608107,
  0.13234306581071725,
  0.148918232229816,
  0.13250305348318664,
  0.16582245091915201,
  0.11644861693843303,
  0.06667892439603311,
  0.041673363175097254,
  0.01812433800192339
 ],
 "point_cerr_p90_by_pivot_decile": [
  0.03839598062977774,
  0.08243459844114122,
  0.06496509181817173,
  0.07980830389968854,
  0.09664380528033625,
  0.09863293077733719,
  0.10766342090831509,
  0.1008357504625236,
  0.09193453976732424,
  0.06229075300258803
 ],
 "smooth_face": {
  "n": 96,
  "cerr_median": 0.006332683560757668,
  "cerr_p90": 0.014525964627175703,
  "cerr_max": 0.02509210899256087,
  "signed_mean": -0.00204367054697923,
  "frac_within_3pct": 1.0
 },
 "random_dense": {
  "cerr_median": 0.0029908387883037513,
  "cerr_max": 0.01134536894070215,
  "signed_mean": -0.0005915714057461944
 },
 "random_smooth_global": {
  "cerr_median": 0.002840798685825374,
  "cerr_p90": 0.006178692141772757,
  "cerr_max": 0.008425076787243801,
  "signed_mean": 0.0005799641465295841,
  "frac_within_3pct": 1.0
 },
 "seconds": 17.266999006271362
}
{
 "seat": 100151,
 "q": 16974,
 "count": 5658,
 "load_seconds": 10.455065250396729,
 "point": {
  "rel_median": 0.12150059641632022,
  "rel_p90": 0.16784203104896975,
  "rel_p99": 0.20480190648452923,
  "rel_max": 1.1748196145051526,
  "cerr_median": -0.018925595873644452,
  "cerr_p90": 0.1094887897096202,
  "cerr_max": 3.579998014557199,
  "frac_cerr_within_3pct": 0.37280546718510665,
  "colnorm_min": 11.494034814595565,
  "colnorm_med": 17.417048083810357,
  "colnorm_max": 2375.2430906980135,
  "spearman_rel_vs_pivot": -0.49782061053798843
 },
 "point_rel_median_by_pivot_decile": [
  0.13236859869004114,
  0.1449438768586011,
  0.13678918385785777,
  0.15987512457925046,
  0.14789983045471722,
  0.17852456241360176,
  0.1487834170501098,
  0.08650808606348631,
  0.05153649946384971,
  0.023816449719422927
 ],
 "point_cerr_p90_by_pivot_decile": [
  0.06149076451365101,
  0.10126228709084728,
  0.09306028737868707,
  0.08731935619969752,
  0.13325098907321362,
  0.11488411474530554,
  0.13102451591392592,
  0.11587887619900585,
  0.12271494496448183,
  0.09403217690987456
 ],
 "smooth_face": {
  "n": 96,
  "cerr_median": 0.01080710665587159,
  "cerr_p90": 0.07691503032069424,
  "cerr_max": 0.10894678197316021,
  "signed_mean": 0.011478218907101384,
  "frac_within_3pct": 0.8229166666666666
 },
 "random_dense": {
  "cerr_median": 0.007521521176668822,
  "cerr_max": 0.030531793267312146,
  "signed_mean": -0.002151577197878481
 },
 "random_smooth_global": {
  "cerr_median": 0.01802932467353585,
  "cerr_p90": 0.04334178374796026,
  "cerr_max": 0.06060200650706604,
  "signed_mean": 0.014788812426368536,
  "frac_within_3pct": 0.671875
 },
 "seconds": 21.12298345565796
}
