{
 "seat": 120,
 "q": 16920,
 "count": 5640,
 "load_seconds": 12.418382406234741,
 "point": {
  "rel_median": 0.11752199154332268,
  "rel_p90": 0.1632648751385542,
  "rel_p99": 0.19691015469708475,
  "rel_max": 0.3659671548630952,
  "cerr_median": -0.021647468144279203,
  "cerr_p90": 0.10822788744271898,
  "cerr_max": 0.7448989659066474,
  "frac_cerr_within_3pct": 0.36796690307328606,
  "colnorm_min": 11.439310200376028,
  "colnorm_med": 17.627701816121814,
  "colnorm_max": 2315.3983272427336,
  "spearman_rel_vs_pivot": -0.5007049536719095
 },
 "point_rel_median_by_pivot_decile": [
  0.12568278956222037,
  0.13701262312533152,
  0.13134327457006906,
  0.15723703377813086,
  0.13879880573922776,
  0.17501387207253238,
  0.14492178721928503,
  0.08691015311558725,
  0.05247705268353264,
  0.023961407661537086
 ],
 "point_cerr_p90_by_pivot_decile": [
  0.06564762371114731,
  0.10051857872200141,
  0.09145522372027534,
  0.08384487971671678,
  0.12255267663185865,
  0.11096734870161999,
  0.13758385067041554,
  0.1290560806623049,
  0.11954277190422906,
  0.08131833744234496
 ],
 "smooth_face": {
  "n": 96,
  "cerr_median": 0.007667066317024462,
  "cerr_p90": 0.014036071413762119,
  "cerr_max": 0.018802392672982116,
  "signed_mean": -0.004781452552499989,
  "frac_within_3pct": 1.0
 },
 "random_dense": {
  "cerr_median": 0.003926360671444362,
  "cerr_max": 0.011641208710360451,
  "signed_mean": -0.0032948365182622393
 },
 "random_smooth_global": {
  "cerr_median": 0.0031922592492414914,
  "cerr_p90": 0.006116356653683675,
  "cerr_max": 0.010798295607373776,
  "signed_mean": -0.0008766853184485855,
  "frac_within_3pct": 1.0
 },
 "seconds": 24.2974796295166
}
{
 "seat": 244,
 "q": 17580,
 "count": 5860,
 "load_seconds": 12.426262855529785,
 "point": {
  "rel_median": 0.1273910402598134,
  "rel_p90": 0.1814043006966212,
  "rel_p99": 0.21524120942996988,
  "rel_max": 0.3141461201838825,
  "cerr_median": -0.0014089163388538162,
  "cerr_p90": 0.11577870706003508,
  "cerr_max": 0.7171930948882799,
  "frac_cerr_within_3pct": 0.33361774744027306,
  "colnorm_min": 10.347507382025396,
  "colnorm_med": 15.116828084187684,
  "colnorm_max": 1372.139513667263,
  "spearman_rel_vs_pivot": -0.5159115353982787
 },
 "point_rel_median_by_pivot_decile": [
  0.14458873324858848,
  0.15908214853440408,
  0.1421521389172734,
  0.16136471105708022,
  0.17120559226246693,
  0.17511831660313387,
  0.1895888829632301,
  0.10477866654371647,
  0.05986788480460367,
  0.030258958095357703
 ],
 "point_cerr_p90_by_pivot_decile": [
  0.09445785401492846,
  0.1271165740658576,
  0.11685914542229502,
  0.10201248504524875,
  0.12608360523430057,
  0.11835086498710835,
  0.11950569877577986,
  0.12831643395171463,
  0.11989992980816586,
  0.08700187783887092
 ],
 "smooth_face": {
  "n": 96,
  "cerr_median": 0.009114075823078438,
  "cerr_p90": 0.014287376999024715,
  "cerr_max": 0.01692810315798532,
  "signed_mean": 0.007064290441995087,
  "frac_within_3pct": 1.0
 },
 "random_dense": {
  "cerr_median": 0.005384810585513655,
  "cerr_max": 0.01854109525256309,
  "signed_mean": 0.005297352290089059
 },
 "random_smooth_global": {
  "cerr_median": 0.010283224435771898,
  "cerr_p90": 0.012905242602331567,
  "cerr_max": 0.01883227474934901,
  "signed_mean": 0.01021418252195249,
  "frac_within_3pct": 1.0
 },
 "seconds": 24.370402574539185
}
{
 "seat": 100051,
 "q": 12528,
 "count": 4176,
 "load_seconds": 5.3129799365997314,
 "point": {
  "rel_median": 0.11062557937951294,
  "rel_p90": 0.1510538889957933,
  "rel_p99": 0.18416369918319336,
  "rel_max": 0.2826760792336277,
  "cerr_median": 0.0010977323069298883,
  "cerr_p90": 0.07919521502313587,
  "cerr_max": 0.24270910454146932,
  "frac_cerr_within_3pct": 0.49808429118773945,
  "colnorm_min": 15.863414539717082,
  "colnorm_med": 25.202106086409962,
  "colnorm_max": 1246.5676409506252,
  "spearman_rel_vs_pivot": -0.6892594323130051
 },
 "point_rel_median_by_pivot_decile": [
  0.1318671095806349,
  0.1359088782472179,
  0.15184966390299276,
  0.14492001886151745,
  0.1605538348974227,
  0.1372120039647393,
  0.11107293795369219,
  0.0626653245026345,
  0.038807303310959274,
  0.023960762758038403
 ],
 "point_cerr_p90_by_pivot_decile": [
  0.07546457752526958,
  0.08160944312041862,
  0.07296112434144521,
  0.057748130159474886,
  0.07798189425565219,
  0.09700320155313769,
  0.09701694642157388,
  0.08720706499457143,
  0.0741983252339626,
  0.06681327264974736
 ],
 "smooth_face": {
  "n": 96,
  "cerr_median": 0.006910382649723601,
  "cerr_p90": 0.012487958282844713,
  "cerr_max": 0.015522692548533334,
  "signed_mean": -0.006685702661389777,
  "frac_within_3pct": 1.0
 },
 "random_dense": {
  "cerr_median": 0.010897875407209878,
  "cerr_max": 0.014564730460103203,
  "signed_mean": -0.011041073561152215
 },
 "random_smooth_global": {
  "cerr_median": 0.009069498941661258,
  "cerr_p90": 0.012192404911118648,
  "cerr_max": 0.013658169940858778,
  "signed_mean": -0.009002931476314478,
  "frac_within_3pct": 1.0
 },
 "seconds": 11.332628965377808
}
{
 "seat": 100077,
 "q": 13920,
 "count": 4640,
 "load_seconds": 6.626801490783691,
 "point": {
  "rel_median": 0.10387867226418519,
  "rel_p90": 0.1428836944118907,
  "rel_p99": 0.1740805593417043,
  "rel_max": 0.3146734626197235,
  "cerr_median": -0.01692123732061307,
  "cerr_p90": 0.0818812994417237,
  "cerr_max": 0.6936153472572226,
  "frac_cerr_within_3pct": 0.4699712643678161,
  "colnorm_min": 14.560121685317176,
  "colnorm_med": 22.772725461175764,
  "colnorm_max": 2266.2354141731735,
  "spearman_rel_vs_pivot": -0.6119833750094783
 },
 "point_rel_median_by_pivot_decile": [
  0.11742282450572403,
  0.12092711551209587,
  0.13742422603367166,
  0.14194683252363777,
  0.1493601245890721,
  0.14289874481840728,
  0.097669708978472,
  0.06628969502811116,
  0.03831011657667774,
  0.028999626743726307
 ],
 "point_cerr_p90_by_pivot_decile": [
  0.042045889458700116,
  0.07604944972174044,
  0.0630108622959814,
  0.09034325443756427,
  0.08636323383102794,
  0.08316225881797884,
  0.08398769082340236,
  0.11295004340984695,
  0.08480573909230818,
  0.08614189960603268
 ],
 "smooth_face": {
  "n": 96,
  "cerr_median": 0.011196793879203915,
  "cerr_p90": 0.031562939226461306,
  "cerr_max": 0.051464780111459385,
  "signed_mean": -0.013633217257069839,
  "frac_within_3pct": 0.875
 },
 "random_dense": {
  "cerr_median": 0.009582881127166876,
  "cerr_max": 0.02793207196798997,
  "signed_mean": -0.010380238234420223
 },
 "random_smooth_global": {
  "cerr_median": 0.01228344056827857,
  "cerr_p90": 0.017656197065562797,
  "cerr_max": 0.02264341157366534,
  "signed_mean": -0.012081738331809042,
  "frac_within_3pct": 1.0
 },
 "seconds": 13.72749662399292
}
{
 "seat": 100102,
 "q": 15204,
 "count": 5068,
 "load_seconds": 8.526572704315186,
 "point": {
  "rel_median": 0.10571533598799074,
  "rel_p90": 0.14708399698400362,
  "rel_p99": 0.17889753563660002,
  "rel_max": 0.3893179976525726,
  "cerr_median": -0.012067556190756334,
  "cerr_p90": 0.08980908816404416,
  "cerr_max": 0.9232901516601,
  "frac_cerr_within_3pct": 0.44429097605893186,
  "colnorm_min": 13.214102116964318,
  "colnorm_med": 20.892602652504653,
  "colnorm_max": 2268.261412211787,
  "spearman_rel_vs_pivot": -0.542144400525897
 },
 "point_rel_median_by_pivot_decile": [
  0.11401452955982791,
  0.11683343154341906,
  0.13368131300345312,
  0.14525940314534025,
  0.1459880835053342,
  0.15657770352015754,
  0.11204549580963469,
  0.06871106466489567,
  0.043666243163245515,
  0.024162942686441403
 ],
 "point_cerr_p90_by_pivot_decile": [
  0.05224686790920097,
  0.08270605902055461,
  0.06715906202294897,
  0.08419166727895565,
  0.08831836700658391,
  0.1001686006251491,
  0.11095932172670378,
  0.11640252548659502,
  0.09689560662607288,
  0.08362737986095459
 ],
 "smooth_face": {
  "n": 96,
  "cerr_median": 0.007605454769103126,
  "cerr_p90": 0.014882437983076313,
  "cerr_max": 0.0182382092427964,
  "signed_mean": 0.0023208726944485536,
  "frac_within_3pct": 1.0
 },
 "random_dense": {
  "cerr_median": 0.0036736913338822896,
  "cerr_max": 0.011512352275866,
  "signed_mean": 0.003137370486350358
 },
 "random_smooth_global": {
  "cerr_median": 0.004997046662647109,
  "cerr_p90": 0.008959378534853513,
  "cerr_max": 0.011073040594783867,
  "signed_mean": 0.0053925384223847475,
  "frac_within_3pct": 1.0
 },
 "seconds": 16.88223695755005
}
{
 "seat": 941,
 "q": 16548,
 "count": 5516,
 "load_seconds": 11.18263840675354,
 "point": {
  "rel_median": 0.11404873133306827,
  "rel_p90": 0.15857976489193334,
  "rel_p99": 0.19155380499626332,
  "rel_max": 0.30919699594444183,
  "cerr_median": -0.018716387226333564,
  "cerr_p90": 0.10285311439923633,
  "cerr_max": 0.7084418538562323,
  "frac_cerr_within_3pct": 0.40603094029489967,
  "colnorm_min": 11.8774625081744,
  "colnorm_med": 18.344216465108445,
  "colnorm_max": 2307.808188973541,
  "spearman_rel_vs_pivot": -0.5053522755789486
 },
 "point_rel_median_by_pivot_decile": [
  0.1211270942493636,
  0.12990169566734527,
  0.12904692989354744,
  0.15434437921593838,
  0.1356938510347288,
  0.17536434209926613,
  0.13395560866380457,
  0.07942432369425248,
  0.04887270164365705,
  0.021431253424438336
 ],
 "point_cerr_p90_by_pivot_decile": [
  0.05957336074587172,
  0.09720232703482215,
  0.08236625889865185,
  0.07392559796778346,
  0.12792102374663084,
  0.11021423277129001,
  0.12692869137497276,
  0.12093278187860176,
  0.11702460871847808,
  0.07406536646883399
 ],
 "smooth_face": {
  "n": 96,
  "cerr_median": 0.009287457886792194,
  "cerr_p90": 0.015387000387589167,
  "cerr_max": 0.020316897885789942,
  "signed_mean": -0.007874444204993263,
  "frac_within_3pct": 1.0
 },
 "random_dense": {
  "cerr_median": 0.009287928075405405,
  "cerr_max": 0.019462206458182085,
  "signed_mean": -0.009512763139324453
 },
 "random_smooth_global": {
  "cerr_median": 0.007192665319549152,
  "cerr_p90": 0.010089620844735669,
  "cerr_max": 0.013515236624778049,
  "signed_mean": -0.006746215556879752,
  "frac_within_3pct": 1.0
 },
 "seconds": 21.3971164226532
}
{
 "seat": 100054,
 "q": 12858,
 "count": 4286,
 "load_seconds": 5.314786434173584,
 "point": {
  "rel_median": 0.10855539474545936,
  "rel_p90": 0.14933972363630707,
  "rel_p99": 0.17879278116709246,
  "rel_max": 0.2561905933050286,
  "cerr_median": 0.0007986473621056644,
  "cerr_p90": 0.08047426239133137,
  "cerr_max": 0.4392675915778024,
  "frac_cerr_within_3pct": 0.49463369108726085,
  "colnorm_min": 13.866520029930612,
  "colnorm_med": 23.595700817771736,
  "colnorm_max": 1246.2912843224299,
  "spearman_rel_vs_pivot": -0.6772491292484276
 },
 "point_rel_median_by_pivot_decile": [
  0.13064994792540754,
  0.13542447779957717,
  0.14747213794014216,
  0.1493529546846042,
  0.15618795962312568,
  0.13672954489306355,
  0.10217400302003163,
  0.06499283673886574,
  0.03911036196500682,
  0.024353927826307763
 ],
 "point_cerr_p90_by_pivot_decile": [
  0.06763522805412983,
  0.08245558349089571,
  0.06421969515904916,
  0.07211658231609233,
  0.07408574341874648,
  0.08106993704663742,
  0.09051968357098705,
  0.11718080359488088,
  0.09058677304789838,
  0.07695183493748371
 ],
 "smooth_face": {
  "n": 96,
  "cerr_median": 0.004189679487368314,
  "cerr_p90": 0.009915868348097323,
  "cerr_max": 0.01751267811327817,
  "signed_mean": 0.0036022453427811095,
  "frac_within_3pct": 1.0
 },
 "random_dense": {
  "cerr_median": 0.0021359482694467413,
  "cerr_max": 0.008092803194001075,
  "signed_mean": -0.0005667668921808117
 },
 "random_smooth_global": {
  "cerr_median": 0.004217231903020258,
  "cerr_p90": 0.009069006026511239,
  "cerr_max": 0.01310942796367165,
  "signed_mean": 0.0040970993588693005,
  "frac_within_3pct": 1.0
 },
 "seconds": 11.25129246711731
}
{
 "seat": 403,
 "q": 14568,
 "count": 4856,
 "load_seconds": 7.692338943481445,
 "point": {
  "rel_median": 0.1039082712074062,
  "rel_p90": 0.14563187624955154,
  "rel_p99": 0.17914430839790554,
  "rel_max": 0.35377458508064374,
  "cerr_median": -0.009682039511754226,
  "cerr_p90": 0.08101964873000253,
  "cerr_max": 0.8256163456137053,
  "frac_cerr_within_3pct": 0.4743272926963207,
  "colnorm_min": 13.603308749294687,
  "colnorm_med": 21.19368868274129,
  "colnorm_max": 2254.008010027982,
  "spearman_rel_vs_pivot": -0.5887338113131468
 },
 "point_rel_median_by_pivot_decile": [
  0.11564553896032681,
  0.12069221298423952,
  0.13774346783704633,
  0.14381861902510432,
  0.1497937244188004,
  0.1514595033028071,
  0.10522119831974278,
  0.07153689096594165,
  0.0394736893220953,
  0.028541370304796664
 ],
 "point_cerr_p90_by_pivot_decile": [
  0.041115061236574824,
  0.08057216139656026,
  0.05922622790332333,
  0.08289187678487744,
  0.0863906676210022,
  0.07990660438925645,
  0.09252237546499699,
  0.11166672815015315,
  0.0813270282096936,
  0.08184498850417095
 ],
 "smooth_face": {
  "n": 96,
  "cerr_median": 0.004222396992211164,
  "cerr_p90": 0.007910967371145217,
  "cerr_max": 0.010570769590901197,
  "signed_mean": 0.0010638541714327067,
  "frac_within_3pct": 1.0
 },
 "random_dense": {
  "cerr_median": 0.003811873870304905,
  "cerr_max": 0.00830784983356514,
  "signed_mean": 0.0032614065425852212
 },
 "random_smooth_global": {
  "cerr_median": 0.0034068193126192137,
  "cerr_p90": 0.0063529325131105995,
  "cerr_max": 0.009171378365311122,
  "signed_mean": 0.0033722093313652887,
  "frac_within_3pct": 1.0
 },
 "seconds": 16.134618997573853
}
{
 "seat": 100167,
 "q": 17568,
 "count": 5856,
 "load_seconds": 13.797276258468628,
 "point": {
  "rel_median": 0.12286435117004706,
  "rel_p90": 0.17628594050879462,
  "rel_p99": 0.20999353618563066,
  "rel_max": 0.2549680216738467,
  "cerr_median": -0.005139188542416462,
  "cerr_p90": 0.1071283478328256,
  "cerr_max": 0.5430013051321592,
  "frac_cerr_within_3pct": 0.35809426229508196,
  "colnorm_min": 10.57059999543341,
  "colnorm_med": 15.407360596153248,
  "colnorm_max": 1413.7344176903205,
  "spearman_rel_vs_pivot": -0.5210046882821213
 },
 "point_rel_median_by_pivot_decile": [
  0.1379426293117446,
  0.1532241619656975,
  0.1370187477245272,
  0.15670322785138904,
  0.15316336588399698,
  0.1741922676634829,
  0.18417899216733233,
  0.09954304974156736,
  0.053899099766609296,
  0.027908833159706433
 ],
 "point_cerr_p90_by_pivot_decile": [
  0.08408936547850779,
  0.11914668757314657,
  0.1106344070728378,
  0.09803821987251897,
  0.11949084773534037,
  0.11446588782750418,
  0.10647588394790578,
  0.11099638187091858,
  0.10002943464536988,
  0.08059513834218243
 ],
 "smooth_face": {
  "n": 96,
  "cerr_median": 0.0039733977243475715,
  "cerr_p90": 0.013086306799382275,
  "cerr_max": 0.01955932218005696,
  "signed_mean": 0.004497477856584094,
  "frac_within_3pct": 1.0
 },
 "random_dense": {
  "cerr_median": 0.006988896627687202,
  "cerr_max": 0.0143911686186029,
  "signed_mean": 0.006795001569014671
 },
 "random_smooth_global": {
  "cerr_median": 0.008188428255114566,
  "cerr_p90": 0.011103040090518568,
  "cerr_max": 0.013167969258322865,
  "signed_mean": 0.00820883583396807,
  "frac_within_3pct": 1.0
 },
 "seconds": 25.92159390449524
}
