45 deg    a=1.00 b=1.00 d=0.0000  plane_contains_a_vertical_edge=True  -> DegeneratePlanarTopologyError: plane half-space intersection has affine rank 1, not 3
45 deg    a=1.00 b=1.00 d=0.5000  plane_contains_a_vertical_edge=False  -> ok
45 deg    a=1.00 b=1.00 d=1.0000  plane_contains_a_vertical_edge=True  -> DegeneratePlanarTopologyError: patch box_x_min has coincident semantic edges
45 deg    a=1.00 b=1.00 d=1.0000  plane_contains_a_vertical_edge=True  -> DegeneratePlanarTopologyError: patch box_x_min has coincident semantic edges
45 deg    a=1.00 b=1.00 d=1.0000  plane_contains_a_vertical_edge=True  -> DegeneratePlanarTopologyError: patch box_x_min has coincident semantic edges
45 deg    a=1.00 b=1.00 d=1.9900  plane_contains_a_vertical_edge=False  -> ok
45 deg    a=1.00 b=1.00 d=2.0000  plane_contains_a_vertical_edge=True  -> DegeneratePlanarTopologyError: patch box_x_max has coincident semantic edges
45 deg    a=1.00 b=1.00 d=2.1000  plane_contains_a_vertical_edge=False  -> ok
0 deg     a=1.00 b=0.00 d=0.0000  plane_contains_a_vertical_edge=True  -> DegeneratePlanarTopologyError: distinct semantic plane leaves have one coincident boundary:
0 deg     a=1.00 b=0.00 d=0.5000  plane_contains_a_vertical_edge=False  -> ok
0 deg     a=1.00 b=0.00 d=1.0000  plane_contains_a_vertical_edge=True  -> DegeneratePlanarTopologyError: distinct semantic plane leaves have one coincident boundary:
0 deg     a=1.00 b=0.00 d=0.5000  plane_contains_a_vertical_edge=False  -> ok
0 deg     a=1.00 b=0.00 d=0.3333  plane_contains_a_vertical_edge=False  -> ok
0 deg     a=1.00 b=0.00 d=0.9900  plane_contains_a_vertical_edge=False  -> ok
0 deg     a=1.00 b=0.00 d=1.0000  plane_contains_a_vertical_edge=True  -> DegeneratePlanarTopologyError: distinct semantic plane leaves have one coincident boundary:
0 deg     a=1.00 b=0.00 d=1.1000  plane_contains_a_vertical_edge=False  -> ok
26.6 deg  a=2.00 b=1.00 d=0.0000  plane_contains_a_vertical_edge=True  -> DegeneratePlanarTopologyError: plane half-space intersection has affine rank 1, not 3
26.6 deg  a=2.00 b=1.00 d=1.0000  plane_contains_a_vertical_edge=True  -> DegeneratePlanarTopologyError: patch box_x_min has coincident semantic edges
26.6 deg  a=2.00 b=1.00 d=2.0000  plane_contains_a_vertical_edge=True  -> DegeneratePlanarTopologyError: patch box_y_min has coincident semantic edges
26.6 deg  a=2.00 b=1.00 d=1.5000  plane_contains_a_vertical_edge=False  -> ok
26.6 deg  a=2.00 b=1.00 d=1.0000  plane_contains_a_vertical_edge=True  -> DegeneratePlanarTopologyError: patch box_x_min has coincident semantic edges
26.6 deg  a=2.00 b=1.00 d=2.9900  plane_contains_a_vertical_edge=False  -> ok
26.6 deg  a=2.00 b=1.00 d=3.0000  plane_contains_a_vertical_edge=True  -> DegeneratePlanarTopologyError: patch box_x_max has coincident semantic edges
26.6 deg  a=2.00 b=1.00 d=3.1000  plane_contains_a_vertical_edge=False  -> ok
