{
 "seat": 100051,
 "q": 12528,
 "count": 4176,
 "load_seconds": 5.990002155303955,
 "point": {
  "rel_median": 0.08858496807705862,
  "rel_p90": 0.1260526070298094,
  "rel_p99": 0.155106721495905,
  "rel_max": 0.23521358982962748,
  "cerr_median": -0.0037148575018634555,
  "cerr_p90": 0.05358317673369418,
  "cerr_max": 0.15268169354381533,
  "frac_cerr_within_3pct": 0.6633141762452107,
  "colnorm_min": 15.863414539717082,
  "colnorm_med": 25.202106086409962,
  "colnorm_max": 1246.5676409506252,
  "spearman_rel_vs_pivot": -0.696536008250643
 },
 "point_rel_median_by_pivot_decile": [
  0.10426778798297734,
  0.11272013366652467,
  0.13100906226601974,
  0.12700828982145362,
  0.13618880726326726,
  0.11106856673518933,
  0.09024952044136547,
  0.04915263681719627,
  0.028975899738635912,
  0.01608411675992824
 ],
 "point_cerr_p90_by_pivot_decile": [
  0.03777922118124219,
  0.04408445322518162,
  0.04334921411286519,
  0.051864631661333815,
  0.05787905668559236,
  0.06914759515610469,
  0.06266200176097883,
  0.06953646244339096,
  0.05043600730214126,
  0.041063685175889056
 ],
 "smooth_face": {
  "n": 96,
  "cerr_median": 0.004017894983893933,
  "cerr_p90": 0.009470004712786861,
  "cerr_max": 0.013707136295176614,
  "signed_mean": -0.004489597817227357,
  "frac_within_3pct": 1.0
 },
 "random_dense": {
  "cerr_median": 0.005576541271545055,
  "cerr_max": 0.00859546309021797,
  "signed_mean": -0.005699128426276328
 },
 "random_smooth_global": {
  "cerr_median": 0.004655543668987905,
  "cerr_p90": 0.007535130590396022,
  "cerr_max": 0.009630376279943897,
  "signed_mean": -0.004715407677757166,
  "frac_within_3pct": 1.0
 },
 "seconds": 13.072930335998535
}
{
 "seat": 100102,
 "q": 15204,
 "count": 5068,
 "load_seconds": 8.770288228988647,
 "point": {
  "rel_median": 0.09090371850537438,
  "rel_p90": 0.13019923719237173,
  "rel_p99": 0.1631663824592615,
  "rel_max": 0.2562682958199776,
  "cerr_median": -0.010848041822885957,
  "cerr_p90": 0.06955079655807374,
  "cerr_max": 0.5755553599599612,
  "frac_cerr_within_3pct": 0.5539989476453565,
  "colnorm_min": 13.214102116964318,
  "colnorm_med": 20.892602652504653,
  "colnorm_max": 2268.261412211787,
  "spearman_rel_vs_pivot": -0.564188895606973
 },
 "point_rel_median_by_pivot_decile": [
  0.10054502319367972,
  0.10365516384189156,
  0.1203757183650652,
  0.12887170110581575,
  0.1303970782727747,
  0.13757865426633337,
  0.09524827312616152,
  0.055865525795833704,
  0.03353003226108353,
  0.01687681702680448
 ],
 "point_cerr_p90_by_pivot_decile": [
  0.03927028078478645,
  0.06218906095385024,
  0.05278891838819966,
  0.06574297500970001,
  0.0679876030502945,
  0.07877785000421755,
  0.08485482774130557,
  0.09665430904834826,
  0.07710193255355713,
  0.05626500424730507
 ],
 "smooth_face": {
  "n": 96,
  "cerr_median": 0.0067184184223371135,
  "cerr_p90": 0.014092007742153023,
  "cerr_max": 0.01729397322204873,
  "signed_mean": 0.004963610718769367,
  "frac_within_3pct": 1.0
 },
 "random_dense": {
  "cerr_median": 0.004850138661783965,
  "cerr_max": 0.01011201431565989,
  "signed_mean": 0.005054151982583901
 },
 "random_smooth_global": {
  "cerr_median": 0.007445160618523516,
  "cerr_p90": 0.010995444053918524,
  "cerr_max": 0.012595248465133713,
  "signed_mean": 0.007361622490146807,
  "frac_within_3pct": 1.0
 },
 "seconds": 20.19961977005005
}
{
 "seat": 120,
 "q": 16920,
 "count": 5640,
 "load_seconds": 11.0342538356781,
 "point": {
  "rel_median": 0.10100016318629157,
  "rel_p90": 0.14624340477860429,
  "rel_p99": 0.17945028926149856,
  "rel_max": 0.3604749138475229,
  "cerr_median": -0.019870241368574626,
  "cerr_p90": 0.08396987772807417,
  "cerr_max": 0.845066645795401,
  "frac_cerr_within_3pct": 0.4740543735224586,
  "colnorm_min": 11.439310200376028,
  "colnorm_med": 17.627701816121814,
  "colnorm_max": 2315.3983272427336,
  "spearman_rel_vs_pivot": -0.5157520185531739
 },
 "point_rel_median_by_pivot_decile": [
  0.11102511128082643,
  0.12077377924348101,
  0.11724394412791762,
  0.1417098990555084,
  0.12412926086681497,
  0.16125442081223143,
  0.12534227292404532,
  0.07068423208636404,
  0.042426002061390175,
  0.016933014887601218
 ],
 "point_cerr_p90_by_pivot_decile": [
  0.04713782586007564,
  0.07995118358894973,
  0.06949547872837485,
  0.06509927768384023,
  0.0978822795745684,
  0.08784261918798414,
  0.10554327758213361,
  0.09915709647130187,
  0.09146342692114137,
  0.05965158496466514
 ],
 "smooth_face": {
  "n": 96,
  "cerr_median": 0.004440937553173541,
  "cerr_p90": 0.011175899217215512,
  "cerr_max": 0.02164182285153582,
  "signed_mean": 0.0019497050821341982,
  "frac_within_3pct": 1.0
 },
 "random_dense": {
  "cerr_median": 0.005381929896902338,
  "cerr_max": 0.011785656535163724,
  "signed_mean": 0.005437957439358071
 },
 "random_smooth_global": {
  "cerr_median": 0.0052492037680220704,
  "cerr_p90": 0.01143412812757385,
  "cerr_max": 0.014067275108156752,
  "signed_mean": 0.005469376134787551,
  "frac_within_3pct": 1.0
 },
 "seconds": 25.528253078460693
}
{
 "seat": 100054,
 "q": 12858,
 "count": 4286,
 "load_seconds": 5.8461995124816895,
 "point": {
  "rel_median": 0.08879610488379217,
  "rel_p90": 0.12869228924833517,
  "rel_p99": 0.1562723726198044,
  "rel_max": 0.251032079146976,
  "cerr_median": -0.005125919254571343,
  "cerr_p90": 0.06144766458322354,
  "cerr_max": 0.4340203293957948,
  "frac_cerr_within_3pct": 0.6301913205786281,
  "colnorm_min": 13.866520029930612,
  "colnorm_med": 23.595700817771736,
  "colnorm_max": 1246.2912843224299,
  "spearman_rel_vs_pivot": -0.6792005817577141
 },
 "point_rel_median_by_pivot_decile": [
  0.10662939476775851,
  0.11503663963665714,
  0.1299431991773885,
  0.13082082230391967,
  0.13352794832523204,
  0.11283352781445145,
  0.0828228384656968,
  0.054259082736057694,
  0.031589335149226835,
  0.016400791971699365
 ],
 "point_cerr_p90_by_pivot_decile": [
  0.03701603319456464,
  0.050858428522425114,
  0.04507761289899083,
  0.06198933624593019,
  0.05715353125174755,
  0.06170534508553705,
  0.07223627265101325,
  0.10139726582762687,
  0.07508117761562047,
  0.0627754791756541
 ],
 "smooth_face": {
  "n": 96,
  "cerr_median": 0.00616240122371714,
  "cerr_p90": 0.012704555811820728,
  "cerr_max": 0.017733053894844808,
  "signed_mean": 0.00405653968646039,
  "frac_within_3pct": 1.0
 },
 "random_dense": {
  "cerr_median": 0.0028048382845196063,
  "cerr_max": 0.008812580847836982,
  "signed_mean": 0.0025276636186150284
 },
 "random_smooth_global": {
  "cerr_median": 0.005608730928344352,
  "cerr_p90": 0.009076872210727307,
  "cerr_max": 0.013696847018098257,
  "signed_mean": 0.005466755313052726,
  "frac_within_3pct": 1.0
 },
 "seconds": 14.144236326217651
}
{
 "seat": 100077,
 "q": 13920,
 "count": 4640,
 "load_seconds": 7.052865266799927,
 "point": {
  "rel_median": 0.08799597045933627,
  "rel_p90": 0.12673618838078163,
  "rel_p99": 0.1584352735592135,
  "rel_max": 0.2612357596309762,
  "cerr_median": -0.015552296404919008,
  "cerr_p90": 0.06351075216731913,
  "cerr_max": 0.5645061496850587,
  "frac_cerr_within_3pct": 0.579669540229885,
  "colnorm_min": 14.560121685317176,
  "colnorm_med": 22.772725461175764,
  "colnorm_max": 2266.2354141731735,
  "spearman_rel_vs_pivot": -0.6288060480332696
 },
 "point_rel_median_by_pivot_decile": [
  0.10219785019857058,
  0.10704833490535977,
  0.1243431000094663,
  0.12757483416232285,
  0.13120467220953475,
  0.12089012024815796,
  0.08073280225733703,
  0.05412394912968746,
  0.030237196605238402,
  0.020682891046340336
 ],
 "point_cerr_p90_by_pivot_decile": [
  0.030311005813953105,
  0.05456775795481026,
  0.04807928872373971,
  0.07047619804769127,
  0.06592715969396527,
  0.0679209112428171,
  0.06398352864260191,
  0.10404851164137555,
  0.06821363091991556,
  0.05712391387586735
 ],
 "smooth_face": {
  "n": 96,
  "cerr_median": 0.012174029405966291,
  "cerr_p90": 0.030079041202995038,
  "cerr_max": 0.04597185603335663,
  "signed_mean": -0.013474675545579693,
  "frac_within_3pct": 0.8854166666666666
 },
 "random_dense": {
  "cerr_median": 0.014736597545357999,
  "cerr_max": 0.03062838070596774,
  "signed_mean": -0.014923373539583226
 },
 "random_smooth_global": {
  "cerr_median": 0.01339697287138536,
  "cerr_p90": 0.020146420420955935,
  "cerr_max": 0.025647363810848423,
  "signed_mean": -0.013299478276151773,
  "frac_within_3pct": 1.0
 },
 "seconds": 16.845316410064697
}
{
 "seat": 403,
 "q": 14568,
 "count": 4856,
 "load_seconds": 7.8317155838012695,
 "point": {
  "rel_median": 0.08849315506980965,
  "rel_p90": 0.12957916944405562,
  "rel_p99": 0.16370418426802474,
  "rel_max": 0.33848073157562175,
  "cerr_median": -0.010975772822535368,
  "cerr_p90": 0.06376365996381066,
  "cerr_max": 0.7844805281855254,
  "frac_cerr_within_3pct": 0.5838138385502472,
  "colnorm_min": 13.603308749294687,
  "colnorm_med": 21.19368868274129,
  "colnorm_max": 2254.008010027982,
  "spearman_rel_vs_pivot": -0.5924988159845442
 },
 "point_rel_median_by_pivot_decile": [
  0.10100682543091091,
  0.10722390842040067,
  0.1269394861427988,
  0.12892432873743265,
  0.13061905861705192,
  0.13094138458698584,
  0.08953708254318957,
  0.058200666134868025,
  0.03172966529358079,
  0.021879103053312088
 ],
 "point_cerr_p90_by_pivot_decile": [
  0.028165646608500624,
  0.0603040314387133,
  0.04434368648920116,
  0.06539777633424249,
  0.0652396663711972,
  0.06671164651815437,
  0.07271893348263113,
  0.09898061798008813,
  0.06483399070673336,
  0.060144035766650866
 ],
 "smooth_face": {
  "n": 96,
  "cerr_median": 0.004772093699642266,
  "cerr_p90": 0.010191356320586986,
  "cerr_max": 0.013618084942557784,
  "signed_mean": 0.001997593135296962,
  "frac_within_3pct": 1.0
 },
 "random_dense": {
  "cerr_median": 0.0032325290675728757,
  "cerr_max": 0.007965324581865385,
  "signed_mean": 0.0030895479904079187
 },
 "random_smooth_global": {
  "cerr_median": 0.004031311832530138,
  "cerr_p90": 0.0074767233689716495,
  "cerr_max": 0.008970793769234708,
  "signed_mean": 0.0044621988522562245,
  "frac_within_3pct": 1.0
 },
 "seconds": 17.18217706680298
}
{
 "seat": 347,
 "q": 15708,
 "count": 5236,
 "load_seconds": 10.5122549533844,
 "point": {
  "rel_median": 0.09024083940166902,
  "rel_p90": 0.1317967183132311,
  "rel_p99": 0.16470167082847734,
  "rel_max": 0.26542156508009684,
  "cerr_median": -0.013759960678311256,
  "cerr_p90": 0.06420677004194127,
  "cerr_max": 0.5975630935789729,
  "frac_cerr_within_3pct": 0.5819327731092437,
  "colnorm_min": 13.217988224477562,
  "colnorm_med": 19.71315965966475,
  "colnorm_max": 2217.4625698802015,
  "spearman_rel_vs_pivot": -0.528813901400053
 },
 "point_rel_median_by_pivot_decile": [
  0.10031823021131865,
  0.1042901103210299,
  0.12167463246742762,
  0.13233853671334542,
  0.11904610583958189,
  0.14849075723365177,
  0.10009373265970548,
  0.05411652129017723,
  0.0333265887085038,
  0.012942648264468238
 ],
 "point_cerr_p90_by_pivot_decile": [
  0.029524912787235527,
  0.06268592856950234,
  0.04759786193362885,
  0.0576596831870974,
  0.06906995501853812,
  0.06880274212931393,
  0.08362868534210448,
  0.0817169858506744,
  0.07070089867188,
  0.04751320640077204
 ],
 "smooth_face": {
  "n": 96,
  "cerr_median": 0.005673817201773734,
  "cerr_p90": 0.027210908886585394,
  "cerr_max": 0.03203224116029291,
  "signed_mean": 0.006959919209839429,
  "frac_within_3pct": 0.9479166666666666
 },
 "random_dense": {
  "cerr_median": 0.008185861090845181,
  "cerr_max": 0.024933682147977976,
  "signed_mean": 0.008546260313630746
 },
 "random_smooth_global": {
  "cerr_median": 0.009758088833976997,
  "cerr_p90": 0.014445746590577959,
  "cerr_max": 0.01944899446860804,
  "signed_mean": 0.009937523187394048,
  "frac_within_3pct": 1.0
 },
 "seconds": 21.371530055999756
}
{
 "seat": 941,
 "q": 16548,
 "count": 5516,
 "load_seconds": 10.272987604141235,
 "point": {
  "rel_median": 0.09760082715336804,
  "rel_p90": 0.1411554725667734,
  "rel_p99": 0.17386375989555372,
  "rel_max": 0.34504976790487324,
  "cerr_median": -0.018550735131205254,
  "cerr_p90": 0.07952799689680269,
  "cerr_max": 0.8000878800049276,
  "frac_cerr_within_3pct": 0.4971597776166304,
  "colnorm_min": 11.8774625081744,
  "colnorm_med": 18.344216465108445,
  "colnorm_max": 2307.808188973541,
  "spearman_rel_vs_pivot": -0.5245552222443925
 },
 "point_rel_median_by_pivot_decile": [
  0.10702370562796323,
  0.1155147852072149,
  0.11492440689281633,
  0.13822077512948341,
  0.11951121509662146,
  0.16055876943318906,
  0.1160496100272714,
  0.0652111698547286,
  0.04098529335857621,
  0.016423899543097226
 ],
 "point_cerr_p90_by_pivot_decile": [
  0.04081920530078992,
  0.07765046917919079,
  0.0616693514503871,
  0.06048543343081509,
  0.09828558371634338,
  0.09021204976867248,
  0.09808295077426932,
  0.09036549978944383,
  0.0887850116255528,
  0.05613059514397062
 ],
 "smooth_face": {
  "n": 96,
  "cerr_median": 0.006694727873130968,
  "cerr_p90": 0.011894751163948891,
  "cerr_max": 0.015104489338506943,
  "signed_mean": -0.0017428930423352234,
  "frac_within_3pct": 1.0
 },
 "random_dense": {
  "cerr_median": 0.0018849848862201313,
  "cerr_max": 0.008438652419439086,
  "signed_mean": -0.0019036654749398953
 },
 "random_smooth_global": {
  "cerr_median": 0.001631272242758386,
  "cerr_p90": 0.004262514248507033,
  "cerr_max": 0.005812469474185122,
  "signed_mean": -0.00012917631693508576,
  "frac_within_3pct": 1.0
 },
 "seconds": 22.54331922531128
}
{
 "seat": 100151,
 "q": 16974,
 "count": 5658,
 "load_seconds": 12.48569655418396,
 "point": {
  "rel_median": 0.10485316151126442,
  "rel_p90": 0.15196740759144725,
  "rel_p99": 0.18598087822633866,
  "rel_max": 1.1527121039933097,
  "cerr_median": -0.013404636391062985,
  "cerr_p90": 0.08112712384621978,
  "cerr_max": 3.508622739654684,
  "frac_cerr_within_3pct": 0.48197242841993637,
  "colnorm_min": 11.494034814595565,
  "colnorm_med": 17.417048083810357,
  "colnorm_max": 2375.2430906980135,
  "spearman_rel_vs_pivot": -0.5244450767900586
 },
 "point_rel_median_by_pivot_decile": [
  0.11858698724811059,
  0.13020850051066307,
  0.12307465768918677,
  0.14422906818384526,
  0.13024886560460325,
  0.16512711273137815,
  0.12839098270543559,
  0.07157975796472663,
  0.04286506310653943,
  0.01786345476409096
 ],
 "point_cerr_p90_by_pivot_decile": [
  0.0477108631897213,
  0.07701746309257006,
  0.06910464779892908,
  0.06545895696239194,
  0.09481310587270918,
  0.08750860161828017,
  0.09933523474808965,
  0.09060871329953116,
  0.09553938075659264,
  0.07166140415719485
 ],
 "smooth_face": {
  "n": 96,
  "cerr_median": 0.01383787990758778,
  "cerr_p90": 0.10668571559036122,
  "cerr_max": 0.1459922838097958,
  "signed_mean": 0.028875505165012,
  "frac_within_3pct": 0.7708333333333334
 },
 "random_dense": {
  "cerr_median": 0.01725670992062911,
  "cerr_max": 0.057540965193956906,
  "signed_mean": 0.018973129965926927
 },
 "random_smooth_global": {
  "cerr_median": 0.036248466645173116,
  "cerr_p90": 0.06526794877600389,
  "cerr_max": 0.08478665634330373,
  "signed_mean": 0.03450333307871067,
  "frac_within_3pct": 0.453125
 },
 "seconds": 25.036572217941284
}
{
 "seat": 100167,
 "q": 17568,
 "count": 5856,
 "load_seconds": 10.606706619262695,
 "point": {
  "rel_median": 0.10825794443634149,
  "rel_p90": 0.16205776841641484,
  "rel_p99": 0.19042169961660363,
  "rel_max": 0.20463459111200022,
  "cerr_median": -0.007799058314767127,
  "cerr_p90": 0.08267335353266672,
  "cerr_max": 0.33102062297140067,
  "frac_cerr_within_3pct": 0.4756944444444444,
  "colnorm_min": 10.57059999543341,
  "colnorm_med": 15.407360596153248,
  "colnorm_max": 1413.7344176903205,
  "spearman_rel_vs_pivot": -0.5243293802536921
 },
 "point_rel_median_by_pivot_decile": [
  0.12310293341849274,
  0.13809004550802695,
  0.12293149903775047,
  0.14685100883343066,
  0.13496221615712986,
  0.16290357007378883,
  0.16379538185894688,
  0.08621984493741426,
  0.04788133070209119,
  0.020169147706208684
 ],
 "point_cerr_p90_by_pivot_decile": [
  0.054838143426725765,
  0.09125923349078247,
  0.07780685248779044,
  0.07015202829439404,
  0.09490127412471626,
  0.08914010296389309,
  0.09266851340574896,
  0.08498969817417625,
  0.08793165665970237,
  0.06452295488967161
 ],
 "smooth_face": {
  "n": 96,
  "cerr_median": 0.009812292615343998,
  "cerr_p90": 0.02010536831795029,
  "cerr_max": 0.022125714648809636,
  "signed_mean": 0.009669321761658165,
  "frac_within_3pct": 1.0
 },
 "random_dense": {
  "cerr_median": 0.009187895222768971,
  "cerr_max": 0.013088724557873466,
  "signed_mean": 0.009142160885826072
 },
 "random_smooth_global": {
  "cerr_median": 0.012146595227557455,
  "cerr_p90": 0.014120337119547922,
  "cerr_max": 0.01510938679049012,
  "signed_mean": 0.012205811904145762,
  "frac_within_3pct": 1.0
 },
 "seconds": 25.138513565063477
}
{
 "seat": 244,
 "q": 17580,
 "count": 5860,
 "load_seconds": 11.487082958221436,
 "point": {
  "rel_median": 0.11290757356540754,
  "rel_p90": 0.16660240891254588,
  "rel_p99": 0.19552331450596938,
  "rel_max": 0.30347853278821224,
  "cerr_median": -0.00048343724661548126,
  "cerr_p90": 0.08767756478132459,
  "cerr_max": 0.6917609256931057,
  "frac_cerr_within_3pct": 0.4492036405005688,
  "colnorm_min": 10.347507382025396,
  "colnorm_med": 15.116828084187684,
  "colnorm_max": 1372.139513667263,
  "spearman_rel_vs_pivot": -0.5296148525225428
 },
 "point_rel_median_by_pivot_decile": [
  0.13182899406091592,
  0.14560703572396744,
  0.1295871408092928,
  0.15151186481862217,
  0.15448531682052313,
  0.16325382305093317,
  0.17165874518758018,
  0.09312492835077901,
  0.05354102247624447,
  0.023062020259025
 ],
 "point_cerr_p90_by_pivot_decile": [
  0.0689648459082416,
  0.09811958418701305,
  0.08202130838676286,
  0.07023370779484972,
  0.09458416052575427,
  0.0856120598025386,
  0.09565875735931843,
  0.10067851229004621,
  0.10490835005347365,
  0.07326184733866303
 ],
 "smooth_face": {
  "n": 96,
  "cerr_median": 0.020666476471452144,
  "cerr_p90": 0.02541171384055596,
  "cerr_max": 0.02766604022216068,
  "signed_mean": 0.018784016192239055,
  "frac_within_3pct": 1.0
 },
 "random_dense": {
  "cerr_median": 0.01382120819676702,
  "cerr_max": 0.021655218489250005,
  "signed_mean": 0.013859167672128948
 },
 "random_smooth_global": {
  "cerr_median": 0.020420164467189528,
  "cerr_p90": 0.022935181569801278,
  "cerr_max": 0.02329085381384899,
  "signed_mean": 0.020183684325436504,
  "frac_within_3pct": 1.0
 },
 "seconds": 24.60054874420166
}
{
 "seat": 100186,
 "q": 18048,
 "count": 6016,
 "load_seconds": 10.898954629898071,
 "point": {
  "rel_median": 0.12280770699084595,
  "rel_p90": 0.17426504360379635,
  "rel_p99": 0.2042139844069707,
  "rel_max": 0.3986971288973472,
  "cerr_median": -0.010440263623294477,
  "cerr_p90": 0.10419293429744082,
  "cerr_max": 0.9050585106098963,
  "frac_cerr_within_3pct": 0.39029255319148937,
  "colnorm_min": 10.344281591752216,
  "colnorm_med": 14.792888390084997,
  "colnorm_max": 2375.1518128670214,
  "spearman_rel_vs_pivot": -0.5082302707172007
 },
 "point_rel_median_by_pivot_decile": [
  0.14402158858396508,
  0.15076926985102157,
  0.13791622370467405,
  0.1538904596216988,
  0.17693104633099987,
  0.14414219451278357,
  0.1823407317231325,
  0.1112666014677034,
  0.058030723697919936,
  0.03156559842170528
 ],
 "point_cerr_p90_by_pivot_decile": [
  0.08802716636449637,
  0.10283919522268807,
  0.09728913739714085,
  0.0830588982767521,
  0.10747453821398129,
  0.10555286047658385,
  0.10598926670570902,
  0.11715623238298778,
  0.11011814883408522,
  0.17976790798301945
 ],
 "smooth_face": {
  "n": 96,
  "cerr_median": 0.018007216440003193,
  "cerr_p90": 0.05307773823120565,
  "cerr_max": 0.08159661638351512,
  "signed_mean": -0.0013994283043733773,
  "frac_within_3pct": 0.6666666666666666
 },
 "random_dense": {
  "cerr_median": 0.019984519533264522,
  "cerr_max": 0.07172616985373281,
  "signed_mean": -0.021600140704661826
 },
 "random_smooth_global": {
  "cerr_median": 0.009966397568105745,
  "cerr_p90": 0.018757547109123664,
  "cerr_max": 0.029587615708127846,
  "signed_mean": -0.003847798973054919,
  "frac_within_3pct": 1.0
 },
 "seconds": 25.16715383529663
}
