{
 "seat": 100051,
 "q": 12528,
 "count": 4176,
 "load_seconds": 7.28399658203125,
 "point": {
  "rel_median": 0.08865494335997715,
  "rel_p90": 0.12698856934985972,
  "rel_p99": 0.15465166612927386,
  "rel_max": 0.23633536263763363,
  "cerr_median": -0.007054562262993447,
  "cerr_p90": 0.05885198576958154,
  "cerr_max": 0.1763770087426132,
  "frac_cerr_within_3pct": 0.6242017879948915,
  "colnorm_min": 15.863414539717082,
  "colnorm_med": 25.202106086409962,
  "colnorm_max": 1246.5676409506252,
  "spearman_rel_vs_pivot": -0.7149885886964811
 },
 "point_rel_median_by_pivot_decile": [
  0.10641870373660868,
  0.11433013489824495,
  0.1317041396203868,
  0.12757125502469074,
  0.13587040224715558,
  0.10792177153089659,
  0.0878100590416082,
  0.05269126599410985,
  0.030902871693155955,
  0.018921097003259807
 ],
 "point_cerr_p90_by_pivot_decile": [
  0.04035845139161928,
  0.042259732100287994,
  0.0461822872352486,
  0.06067179985028315,
  0.0632747175878606,
  0.07943390075116419,
  0.0677963630964606,
  0.06916120896447553,
  0.058216869622028315,
  0.04769697348691786
 ],
 "smooth_face": {
  "n": 96,
  "cerr_median": 0.0031511818393805124,
  "cerr_p90": 0.007917455421592834,
  "cerr_max": 0.015000171167170007,
  "signed_mean": -0.0019980113272781673,
  "frac_within_3pct": 1.0
 },
 "random_dense": {
  "cerr_median": 0.0011384333819293158,
  "cerr_max": 0.0031264389439860096,
  "signed_mean": 0.00013898427874285864
 },
 "random_smooth_global": {
  "cerr_median": 0.002285260669760203,
  "cerr_p90": 0.0050118905116328,
  "cerr_max": 0.006407979481600767,
  "signed_mean": -0.0001592194158016643,
  "frac_within_3pct": 1.0
 },
 "seconds": 13.033646821975708
}
{
 "seat": 100102,
 "q": 15204,
 "count": 5068,
 "load_seconds": 8.244783163070679,
 "point": {
  "rel_median": 0.09292970980821044,
  "rel_p90": 0.13134142632762424,
  "rel_p99": 0.16506310059489757,
  "rel_max": 0.2538204314235247,
  "cerr_median": -0.008154308519038422,
  "cerr_p90": 0.07091155680470254,
  "cerr_max": 0.44683410135466617,
  "frac_cerr_within_3pct": 0.5493291239147593,
  "colnorm_min": 13.214102116964318,
  "colnorm_med": 20.892602652504653,
  "colnorm_max": 2268.261412211787,
  "spearman_rel_vs_pivot": -0.5746423168582397
 },
 "point_rel_median_by_pivot_decile": [
  0.10551930760190208,
  0.10798600676254817,
  0.12280503166596853,
  0.1286637544149501,
  0.1298725689168931,
  0.13885613407972516,
  0.09720450563209102,
  0.058540595889970744,
  0.036367985451177094,
  0.022344990020206054
 ],
 "point_cerr_p90_by_pivot_decile": [
  0.04852671941995035,
  0.05807133038250789,
  0.053991722619879945,
  0.06141277081762607,
  0.061274114672488444,
  0.07887990165506142,
  0.09412005890884723,
  0.09840160930895647,
  0.08705765577299451,
  0.06353161609779279
 ],
 "smooth_face": {
  "n": 96,
  "cerr_median": 0.00849542283790572,
  "cerr_p90": 0.015389515164976442,
  "cerr_max": 0.018566866742671273,
  "signed_mean": 0.007929523457308867,
  "frac_within_3pct": 1.0
 },
 "random_dense": {
  "cerr_median": 0.007370796628175635,
  "cerr_max": 0.01378237125082138,
  "signed_mean": 0.007563597998401717
 },
 "random_smooth_global": {
  "cerr_median": 0.009954047498057506,
  "cerr_p90": 0.013947430356519307,
  "cerr_max": 0.018416815930205388,
  "signed_mean": 0.009638913938253033,
  "frac_within_3pct": 1.0
 },
 "seconds": 16.572842597961426
}
{
 "seat": 120,
 "q": 16920,
 "count": 5640,
 "load_seconds": 10.571052312850952,
 "point": {
  "rel_median": 0.10132085770712754,
  "rel_p90": 0.14633113672601783,
  "rel_p99": 0.17962246589991243,
  "rel_max": 0.6087761136862498,
  "cerr_median": -0.017211612337904525,
  "cerr_p90": 0.07724689364008783,
  "cerr_max": 1.4800031889962302,
  "frac_cerr_within_3pct": 0.48995271867612294,
  "colnorm_min": 11.439310200376028,
  "colnorm_med": 17.627701816121814,
  "colnorm_max": 2315.3983272427336,
  "spearman_rel_vs_pivot": -0.5247744206783004
 },
 "point_rel_median_by_pivot_decile": [
  0.11302051935298141,
  0.12229339469141826,
  0.11927345300939063,
  0.14232937423006117,
  0.12317410309906404,
  0.15920620344828637,
  0.1251692078080373,
  0.0743345975325018,
  0.04321451416838242,
  0.020825338725458456
 ],
 "point_cerr_p90_by_pivot_decile": [
  0.05200433026784623,
  0.07331103187062324,
  0.06272310254802299,
  0.05894886026877926,
  0.08653992473514673,
  0.07871772913199361,
  0.1001151103896224,
  0.09452176124214658,
  0.09056395627034987,
  0.06642351968458789
 ],
 "smooth_face": {
  "n": 96,
  "cerr_median": 0.008274257471401425,
  "cerr_p90": 0.017824799712054418,
  "cerr_max": 0.03176115220585696,
  "signed_mean": 0.009378334019329264,
  "frac_within_3pct": 0.9895833333333334
 },
 "random_dense": {
  "cerr_median": 0.014359595814406045,
  "cerr_max": 0.03247956439602295,
  "signed_mean": 0.015414242421308337
 },
 "random_smooth_global": {
  "cerr_median": 0.011872019047028393,
  "cerr_p90": 0.020070451996463578,
  "cerr_max": 0.023067408699072978,
  "signed_mean": 0.012427685723234064,
  "frac_within_3pct": 1.0
 },
 "seconds": 21.180457592010498
}
{
 "seat": 100186,
 "q": 18048,
 "count": 6016,
 "load_seconds": 11.251548290252686,
 "point": {
  "rel_median": 0.12194636345428361,
  "rel_p90": 0.1739349244201275,
  "rel_p99": 0.20462473583689786,
  "rel_max": 0.5507357023319348,
  "cerr_median": -0.010839604084582954,
  "cerr_p90": 0.1008180765271256,
  "cerr_max": 1.30725123340779,
  "frac_cerr_within_3pct": 0.43378767730496454,
  "colnorm_min": 10.344281591752216,
  "colnorm_med": 14.792888390084997,
  "colnorm_max": 2375.1518128670214,
  "spearman_rel_vs_pivot": -0.5144815307214092
 },
 "point_rel_median_by_pivot_decile": [
  0.14301764622390772,
  0.15188885884187514,
  0.13951015373405162,
  0.15501180764444455,
  0.17724640056676408,
  0.14614054662144962,
  0.17904436092803883,
  0.11067813897038348,
  0.06105581234894236,
  0.03405602740892803
 ],
 "point_cerr_p90_by_pivot_decile": [
  0.07709567740160195,
  0.09635295270737763,
  0.0845063611127359,
  0.0758383492076854,
  0.10454797630612134,
  0.10197260480098805,
  0.10504870875057443,
  0.11960328184765491,
  0.11806027988370194,
  0.13883807481526844
 ],
 "smooth_face": {
  "n": 96,
  "cerr_median": 0.013390289493620866,
  "cerr_p90": 0.0473878396550812,
  "cerr_max": 0.07623318045556648,
  "signed_mean": 0.011888864364079607,
  "frac_within_3pct": 0.78125
 },
 "random_dense": {
  "cerr_median": 0.008355317672820661,
  "cerr_max": 0.04256987196622375,
  "signed_mean": -0.003277831336184667
 },
 "random_smooth_global": {
  "cerr_median": 0.008393057410365778,
  "cerr_p90": 0.02163795978727912,
  "cerr_max": 0.026386394784019718,
  "signed_mean": 0.007680944700640431,
  "frac_within_3pct": 1.0
 },
 "seconds": 21.639540433883667
}
{
 "seat": 100054,
 "q": 12858,
 "count": 4286,
 "load_seconds": 5.468981027603149,
 "point": {
  "rel_median": 0.08989006200219396,
  "rel_p90": 0.12925029214902298,
  "rel_p99": 0.1571877645833224,
  "rel_max": 0.24645357050200564,
  "cerr_median": -0.009198920771343433,
  "cerr_p90": 0.06422465130532574,
  "cerr_max": 0.42843429422433077,
  "frac_cerr_within_3pct": 0.586016487789703,
  "colnorm_min": 13.866520029930612,
  "colnorm_med": 23.595700817771736,
  "colnorm_max": 1246.2912843224299,
  "spearman_rel_vs_pivot": -0.6950336152797539
 },
 "point_rel_median_by_pivot_decile": [
  0.10866517189595434,
  0.117932240356264,
  0.13148011173436616,
  0.13075169204532003,
  0.13387423699133336,
  0.1121739849480773,
  0.08349754488286072,
  0.05377661618904318,
  0.033706943738997415,
  0.019054436749471368
 ],
 "point_cerr_p90_by_pivot_decile": [
  0.042751339462249544,
  0.04772074206622841,
  0.05205420747753456,
  0.06403018777034514,
  0.05883864488018891,
  0.07078038712878218,
  0.07542164012100021,
  0.09471786542474611,
  0.08062302703752211,
  0.06698298327535192
 ],
 "smooth_face": {
  "n": 96,
  "cerr_median": 0.008001498250144679,
  "cerr_p90": 0.014553065273458898,
  "cerr_max": 0.025648054997585712,
  "signed_mean": 0.0049161502686148615,
  "frac_within_3pct": 1.0
 },
 "random_dense": {
  "cerr_median": 0.006475442795172093,
  "cerr_max": 0.011615334335966843,
  "signed_mean": 0.00613248351653654
 },
 "random_smooth_global": {
  "cerr_median": 0.006971624258912179,
  "cerr_p90": 0.011234495478454787,
  "cerr_max": 0.014675317470881133,
  "signed_mean": 0.00719951831192427,
  "frac_within_3pct": 1.0
 },
 "seconds": 11.435471296310425
}
{
 "seat": 100077,
 "q": 13920,
 "count": 4640,
 "load_seconds": 6.5862438678741455,
 "point": {
  "rel_median": 0.08894991126180439,
  "rel_p90": 0.12652761646789937,
  "rel_p99": 0.15928933536376555,
  "rel_max": 0.22700525816790942,
  "cerr_median": -0.012609481708440007,
  "cerr_p90": 0.06378071715128059,
  "cerr_max": 0.4415591701986741,
  "frac_cerr_within_3pct": 0.5925287356321839,
  "colnorm_min": 14.560121685317176,
  "colnorm_med": 22.772725461175764,
  "colnorm_max": 2266.2354141731735,
  "spearman_rel_vs_pivot": -0.6470835155984478
 },
 "point_rel_median_by_pivot_decile": [
  0.10589005076437122,
  0.10976702861643153,
  0.1254700652334158,
  0.12708831397154985,
  0.13177968428107298,
  0.1181736528780033,
  0.0827795591118817,
  0.055180928034251314,
  0.03353004311046183,
  0.02402306970212466
 ],
 "point_cerr_p90_by_pivot_decile": [
  0.03845705623488359,
  0.04640463683101801,
  0.046418476080193914,
  0.06217633115266683,
  0.05800684943476491,
  0.06706803900965799,
  0.07247298443675468,
  0.10518003731367961,
  0.07754842623852486,
  0.061862464405264043
 ],
 "smooth_face": {
  "n": 96,
  "cerr_median": 0.0115234312703828,
  "cerr_p90": 0.02805000296852772,
  "cerr_max": 0.040181698504326735,
  "signed_mean": -0.01294500061795178,
  "frac_within_3pct": 0.9375
 },
 "random_dense": {
  "cerr_median": 0.01869567107392822,
  "cerr_max": 0.03255003983986182,
  "signed_mean": -0.01867941627776131
 },
 "random_smooth_global": {
  "cerr_median": 0.013279066389356609,
  "cerr_p90": 0.023187341052569147,
  "cerr_max": 0.028293067212944556,
  "signed_mean": -0.014170062261400265,
  "frac_within_3pct": 1.0
 },
 "seconds": 16.439773082733154
}
{
 "seat": 403,
 "q": 14568,
 "count": 4856,
 "load_seconds": 7.327187776565552,
 "point": {
  "rel_median": 0.08972404551319801,
  "rel_p90": 0.12901756985244248,
  "rel_p99": 0.16486474096165535,
  "rel_max": 0.3234313717120268,
  "cerr_median": -0.010690663987344584,
  "cerr_p90": 0.0659280274732611,
  "cerr_max": 0.7439706087179048,
  "frac_cerr_within_3pct": 0.5731740801757276,
  "colnorm_min": 13.603308749294687,
  "colnorm_med": 21.19368868274129,
  "colnorm_max": 2254.008010027982,
  "spearman_rel_vs_pivot": -0.5978939401223835
 },
 "point_rel_median_by_pivot_decile": [
  0.10483390705755664,
  0.10837440892715607,
  0.12749973583689708,
  0.12745220797805523,
  0.12917912248889973,
  0.1320489916489711,
  0.09389314940444167,
  0.06167472712723967,
  0.03502812812548599,
  0.026191692952140626
 ],
 "point_cerr_p90_by_pivot_decile": [
  0.042594388719432136,
  0.05362156327748874,
  0.046250895461156766,
  0.05905228198802761,
  0.05619995515874649,
  0.06853580608999957,
  0.08108124204231612,
  0.10793998335638846,
  0.07554484329432602,
  0.06899348019276555
 ],
 "smooth_face": {
  "n": 96,
  "cerr_median": 0.006007870541132165,
  "cerr_p90": 0.012520419863046639,
  "cerr_max": 0.019295407089334304,
  "signed_mean": 0.0032310652478385327,
  "frac_within_3pct": 1.0
 },
 "random_dense": {
  "cerr_median": 0.004005696776067658,
  "cerr_max": 0.010440948396620353,
  "signed_mean": 0.0034997897377816896
 },
 "random_smooth_global": {
  "cerr_median": 0.006537859576677962,
  "cerr_p90": 0.010209268606682786,
  "cerr_max": 0.01229526444635387,
  "signed_mean": 0.005831547160365798,
  "frac_within_3pct": 1.0
 },
 "seconds": 18.26206088066101
}
{
 "seat": 347,
 "q": 15708,
 "count": 5236,
 "load_seconds": 8.858183145523071,
 "point": {
  "rel_median": 0.09305707022059101,
  "rel_p90": 0.13253724123886257,
  "rel_p99": 0.16496680741313371,
  "rel_max": 0.30384767922572903,
  "cerr_median": -0.0067413795397237575,
  "cerr_p90": 0.061815475842886415,
  "cerr_max": 0.680914286053659,
  "frac_cerr_within_3pct": 0.6107715813598167,
  "colnorm_min": 13.217988224477562,
  "colnorm_med": 19.71315965966475,
  "colnorm_max": 2217.4625698802015,
  "spearman_rel_vs_pivot": -0.5429923772156613
 },
 "point_rel_median_by_pivot_decile": [
  0.10610719965966026,
  0.10759087842600663,
  0.1241874908512228,
  0.13422500583777677,
  0.11999166723558186,
  0.14655314958527121,
  0.10065032666881372,
  0.05703667487471267,
  0.03688907818397939,
  0.017376643505098665
 ],
 "point_cerr_p90_by_pivot_decile": [
  0.03971880195562591,
  0.05303350349868137,
  0.04363645089324739,
  0.05115352907733874,
  0.05165537372985552,
  0.06567864818098067,
  0.08512918442080833,
  0.08758305179777737,
  0.07768522159683994,
  0.058488309283723575
 ],
 "smooth_face": {
  "n": 96,
  "cerr_median": 0.013735626961125735,
  "cerr_p90": 0.04393340846903793,
  "cerr_max": 0.049398205843003806,
  "signed_mean": 0.0163660430579744,
  "frac_within_3pct": 0.8333333333333334
 },
 "random_dense": {
  "cerr_median": 0.01713005762963471,
  "cerr_max": 0.03934200376566421,
  "signed_mean": 0.0183207390114677
 },
 "random_smooth_global": {
  "cerr_median": 0.019812858124642285,
  "cerr_p90": 0.02647972882444709,
  "cerr_max": 0.031021706568082008,
  "signed_mean": 0.019704534070274962,
  "frac_within_3pct": 0.96875
 },
 "seconds": 20.270416736602783
}
{
 "seat": 941,
 "q": 16548,
 "count": 5516,
 "load_seconds": 9.848723411560059,
 "point": {
  "rel_median": 0.09805410833292234,
  "rel_p90": 0.1421799929234017,
  "rel_p99": 0.17401714225318923,
  "rel_max": 0.38526350150618516,
  "cerr_median": -0.01739443202947527,
  "cerr_p90": 0.07625320576748791,
  "cerr_max": 0.9080419254418994,
  "frac_cerr_within_3pct": 0.49323181049069376,
  "colnorm_min": 11.8774625081744,
  "colnorm_med": 18.344216465108445,
  "colnorm_max": 2307.808188973541,
  "spearman_rel_vs_pivot": -0.5411008104687549
 },
 "point_rel_median_by_pivot_decile": [
  0.10982151110522177,
  0.11861439214010307,
  0.11589600158993414,
  0.13862533665159515,
  0.11826908942983491,
  0.15860031175810463,
  0.11645746946499792,
  0.06817790577063178,
  0.0441898870055733,
  0.02049722024995801
 ],
 "point_cerr_p90_by_pivot_decile": [
  0.050789806549577876,
  0.06973945805865749,
  0.058546666715317885,
  0.05810152314388965,
  0.08515447700231787,
  0.08067070095688954,
  0.09726262797941393,
  0.0912059218656715,
  0.09238303608046128,
  0.06243675509262331
 ],
 "smooth_face": {
  "n": 96,
  "cerr_median": 0.0072535765552526055,
  "cerr_p90": 0.01544010005864227,
  "cerr_max": 0.020327618785606294,
  "signed_mean": 0.004736818035012411,
  "frac_within_3pct": 1.0
 },
 "random_dense": {
  "cerr_median": 0.0067232778808397065,
  "cerr_max": 0.011928258374405365,
  "signed_mean": 0.00633911598823968
 },
 "random_smooth_global": {
  "cerr_median": 0.006540722377568864,
  "cerr_p90": 0.01082236661437408,
  "cerr_max": 0.013840100506483655,
  "signed_mean": 0.006818657098168802,
  "frac_within_3pct": 1.0
 },
 "seconds": 21.747162103652954
}
{
 "seat": 100151,
 "q": 16974,
 "count": 5658,
 "load_seconds": 10.519957304000854,
 "point": {
  "rel_median": 0.10699657585176117,
  "rel_p90": 0.15424887588797734,
  "rel_p99": 0.18993753209080277,
  "rel_max": 1.3002768347023321,
  "cerr_median": -0.005446396601605175,
  "cerr_p90": 0.07548355550971905,
  "cerr_max": 4.1958680720838775,
  "frac_cerr_within_3pct": 0.5256863438199599,
  "colnorm_min": 11.494034814595565,
  "colnorm_med": 17.417048083810357,
  "colnorm_max": 2375.2430906980135,
  "spearman_rel_vs_pivot": -0.5578842304930102
 },
 "point_rel_median_by_pivot_decile": [
  0.12563822528934743,
  0.13674281034469565,
  0.1274087359214673,
  0.14682172297916793,
  0.1310422342161523,
  0.16540845656970365,
  0.12978163674342577,
  0.07432529348638078,
  0.04678210367071108,
  0.02149794440815901
 ],
 "point_cerr_p90_by_pivot_decile": [
  0.05118220939616586,
  0.0693749863897909,
  0.05801681515350526,
  0.055122274146408225,
  0.0757595258067573,
  0.07538065893948848,
  0.09259855187507506,
  0.09440069017225196,
  0.09537159321404251,
  0.07833792504392709
 ],
 "smooth_face": {
  "n": 96,
  "cerr_median": 0.031965242977290864,
  "cerr_p90": 0.13850542918576325,
  "cerr_max": 0.18930110514315435,
  "signed_mean": 0.04747628201124682,
  "frac_within_3pct": 0.4479166666666667
 },
 "random_dense": {
  "cerr_median": 0.041809524356266725,
  "cerr_max": 0.08703822185108034,
  "signed_mean": 0.042114953090449686
 },
 "random_smooth_global": {
  "cerr_median": 0.058731129696676265,
  "cerr_p90": 0.09001102101500816,
  "cerr_max": 0.11059317905595423,
  "signed_mean": 0.05546982885129746,
  "frac_within_3pct": 0.234375
 },
 "seconds": 24.421830892562866
}
{
 "seat": 100167,
 "q": 17568,
 "count": 5856,
 "load_seconds": 10.435131788253784,
 "point": {
  "rel_median": 0.1069489628324071,
  "rel_p90": 0.15948995283322379,
  "rel_p99": 0.18737274284742664,
  "rel_max": 0.3058471034019702,
  "cerr_median": -0.008747040908710646,
  "cerr_p90": 0.08010356964934262,
  "cerr_max": 0.514342400144324,
  "frac_cerr_within_3pct": 0.5096197632058288,
  "colnorm_min": 10.57059999543341,
  "colnorm_med": 15.407360596153248,
  "colnorm_max": 1413.7344176903205,
  "spearman_rel_vs_pivot": -0.5283493336555223
 },
 "point_rel_median_by_pivot_decile": [
  0.12320387508446148,
  0.13741440148988515,
  0.12380598811796917,
  0.14830550042149288,
  0.1373031097409384,
  0.16125807264791503,
  0.15863293569150583,
  0.086689889897665,
  0.05050485403886447,
  0.023450127485651895
 ],
 "point_cerr_p90_by_pivot_decile": [
  0.04951018958483032,
  0.08345354874837971,
  0.06651377023915053,
  0.06035102408239173,
  0.08593225468561241,
  0.08090915001305819,
  0.09396446947334919,
  0.09346464628506992,
  0.10314361850175459,
  0.07051410066288863
 ],
 "smooth_face": {
  "n": 96,
  "cerr_median": 0.01659115596341787,
  "cerr_p90": 0.026494255682473322,
  "cerr_max": 0.02985734070826962,
  "signed_mean": 0.015248739175509987,
  "frac_within_3pct": 1.0
 },
 "random_dense": {
  "cerr_median": 0.011998564677908163,
  "cerr_max": 0.01714391576105423,
  "signed_mean": 0.012136361473041549
 },
 "random_smooth_global": {
  "cerr_median": 0.016446975251138918,
  "cerr_p90": 0.02016246363940353,
  "cerr_max": 0.02246894433989799,
  "signed_mean": 0.0165697347985142,
  "frac_within_3pct": 1.0
 },
 "seconds": 20.56134557723999
}
{
 "seat": 244,
 "q": 17580,
 "count": 5860,
 "load_seconds": 10.946603775024414,
 "point": {
  "rel_median": 0.11258768241872164,
  "rel_p90": 0.16490080839258917,
  "rel_p99": 0.1923366020417992,
  "rel_max": 0.30031098117959093,
  "cerr_median": 0.0007561278103433988,
  "cerr_p90": 0.086552090262043,
  "cerr_max": 0.6844577986264238,
  "frac_cerr_within_3pct": 0.4976109215017065,
  "colnorm_min": 10.347507382025396,
  "colnorm_med": 15.116828084187684,
  "colnorm_max": 1372.139513667263,
  "spearman_rel_vs_pivot": -0.5389353574804014
 },
 "point_rel_median_by_pivot_decile": [
  0.13326832058492127,
  0.14573573364319606,
  0.13130774704778947,
  0.15253553854378352,
  0.15329153249552724,
  0.16320256307950126,
  0.16629357801800349,
  0.09444515346637523,
  0.05802442138057188,
  0.028008121162037596
 ],
 "point_cerr_p90_by_pivot_decile": [
  0.0651933483547793,
  0.08460387125629468,
  0.07002606931683916,
  0.05983236717474324,
  0.08295207453234679,
  0.07867244853912539,
  0.09153045645037558,
  0.11477360134081971,
  0.12337728224210658,
  0.08250561108797191
 ],
 "smooth_face": {
  "n": 96,
  "cerr_median": 0.031744660428306815,
  "cerr_p90": 0.038175358904351864,
  "cerr_max": 0.04219478005393262,
  "signed_mean": 0.030996530363451628,
  "frac_within_3pct": 0.3541666666666667
 },
 "random_dense": {
  "cerr_median": 0.022979002653617076,
  "cerr_max": 0.026789401486844833,
  "signed_mean": 0.023119100517114598
 },
 "random_smooth_global": {
  "cerr_median": 0.03057004872618807,
  "cerr_p90": 0.03494094716588443,
  "cerr_max": 0.03844291319974946,
  "signed_mean": 0.030606129856778352,
  "frac_within_3pct": 0.453125
 },
 "seconds": 20.58131241798401
}
